4,5,0,1,2,3
ab
4
5
4,,0
4,,2
1,,5
3,,5
0,a,1
2,b,3
