6,7,4,5,0,1,2,3
ab
6
7
6,,4
5,,4
5,,7
6,,7
4,,0
4,,2
1,,5
3,,5
0,a,1
2,b,3
