0,1,11,8,9,2,3,5,6,7
abc
0
11
0,a,1
6,c,7
3,b,5
2,b,3
7,,9
5,,9
8,,6
8,,2
1,,11
9,,11
9,,8
1,,8
