50;50;50;potrebovaljsemnejakyhodnedlouhytexttakjsemhonapsal
